// Jest Snapshot v1, https://goo.gl/fbAQLP

exports[`Greeting should render successfully 1`] = `
<View>
  <Text>
    Welcome to Nx Conf ðŸ‘‹
  </Text>
</View>
`;
